Testing module ``3-say_my_name``
=================================================

Importing the function `say_my_name()`

>>> say_my_name = __import__('3-say_my_name').say_my_name

-------------------------------------------------------------------------------
<<< No argument passed
>>> say_my_name()
Traceback (most recent call last):
...
TypeError: say_my_name() missing 1 required positional argument: 'first_name'

-------------------------------------------------------------------------------
<<< 1 argument passed
>>> say_my_name('John')
My name is John 

-------------------------------------------------------------------------------
<<< 2 argument passed
>>> say_my_name('John', 'Doe')
My name is John Doe

-------------------------------------------------------------------------------
<<< first name not a string
>>> say_my_name(98, 'Battery')
Traceback (most recent call last):
...
TypeError: first_name must be a string

-------------------------------------------------------------------------------
<<< last name not a string
>>> say_my_name('Battery', 89)
Traceback (most recent call last):
...
TypeError: last_name must be a string

-------------------------------------------------------------------------------
Passing and empty string
>>> say_my_name('')
My name is  

-------------------------------------------------------------------------------
